Kotlin Toolchain version 0.12.0 (2039c53, 2026-08-24)
running on Windows 11 10.0 jvm arch amd64

00:04.671 DEBUG                           AmperBackend              Selected tasks to compile: :ktor-sample (1):compileJvm :ktor-sample (1):compileJvmTest :ktor-sample (1):jarJvm
00:04.770 DEBUG :ktor-sample (1):resolveDependenciesJvmTest ResolveExternalDependenciesTask$Companion resolve dependencies ktor-sample (1) -- test -- ch.qos.logback:logback-classic:1.5.37 io.ktor:ktor-bom:3.5.2 io.ktor:ktor-serialization-kotlinx-json:3.5.2 io.ktor:ktor-server-content-negotiation:3.5.2 io.ktor:ktor-server-core:3.5.2 io.ktor:ktor-server-cors:3.5.2 io.ktor:ktor-server-netty:3.5.2 io.ktor:ktor-server-resources:3.5.2 io.ktor:ktor-server-test-host:3.5.2 org.jetbrains.kotlin:kotlin-stdlib:2.4.10 org.jetbrains.kotlin:kotlin-test-junit5:2.4.10 org.jetbrains.kotlinx:kotlinx-serialization-core:1.11.0 -- resolvePlatform=jvm nativeTarget=null wasmTarget=null
00:04.770 DEBUG :ktor-sample (1):resolveDependenciesJvm ResolveExternalDependenciesTask$Companion resolve dependencies ktor-sample (1) -- main -- ch.qos.logback:logback-classic:1.5.37 io.ktor:ktor-bom:3.5.2 io.ktor:ktor-serialization-kotlinx-json:3.5.2 io.ktor:ktor-server-content-negotiation:3.5.2 io.ktor:ktor-server-core:3.5.2 io.ktor:ktor-server-cors:3.5.2 io.ktor:ktor-server-netty:3.5.2 io.ktor:ktor-server-resources:3.5.2 org.jetbrains.kotlin:kotlin-stdlib:2.4.10 org.jetbrains.kotlinx:kotlinx-serialization-core:1.11.0 -- resolvePlatform=jvm nativeTarget=null wasmTarget=null
00:04.887 DEBUG :ktor-sample (1):resolveDependenciesJvm IncrementalCache          [inc] 'ktor-sample (1):jvm:main' is up-to-date according to state file at 'C:\Users\celin\Downloads\ktor-sample (1)\build\incremental.state\ktor-sample__1__jvm_main-01393136b6'
00:04.891 DEBUG :ktor-sample (1):resolveDependenciesJvmTest IncrementalCache          [inc] 'ktor-sample (1):jvm:test' is up-to-date according to state file at 'C:\Users\celin\Downloads\ktor-sample (1)\build\incremental.state\ktor-sample__1__jvm_test-fd796e878a'
00:04.967 DEBUG :ktor-sample (1):resolveDependenciesJvm ResolveExternalDependenciesTask$Companion resolve dependencies ktor-sample (1) -- main -- ch.qos.logback:logback-classic:1.5.37 io.ktor:ktor-bom:3.5.2 io.ktor:ktor-serialization-kotlinx-json:3.5.2 io.ktor:ktor-server-content-negotiation:3.5.2 io.ktor:ktor-server-core:3.5.2 io.ktor:ktor-server-cors:3.5.2 io.ktor:ktor-server-netty:3.5.2 io.ktor:ktor-server-resources:3.5.2 org.jetbrains.kotlin:kotlin-stdlib:2.4.10 org.jetbrains.kotlinx:kotlinx-serialization-core:1.11.0 -- resolvePlatform=JVM nativeTarget=null
wasmTarget=null
https://repo1.maven.org/maven2 https://maven.google.com resolved to:
  .m2.cache\ch\qos\logback\logback-classic\1.5.37\logback-classic-1.5.37.jar
  .m2.cache\org\jetbrains\kotlin\kotlin-stdlib\2.4.10\kotlin-stdlib-2.4.10.jar
  .m2.cache\io\ktor\ktor-serialization-kotlinx-json-jvm\3.5.2\ktor-serialization-kotlinx-json-jvm-3.5.2.jar
  .m2.cache\io\ktor\ktor-server-content-negotiation-jvm\3.5.2\ktor-server-content-negotiation-jvm-3.5.2.jar
  .m2.cache\io\ktor\ktor-server-core-jvm\3.5.2\ktor-server-core-jvm-3.5.2.jar
  .m2.cache\io\ktor\ktor-server-cors-jvm\3.5.2\ktor-server-cors-jvm-3.5.2.jar
  .m2.cache\io\ktor\ktor-server-netty-jvm\3.5.2\ktor-server-netty-jvm-3.5.2.jar
  .m2.cache\io\ktor\ktor-server-resources-jvm\3.5.2\ktor-server-resources-jvm-3.5.2.jar
  .m2.cache\ch\qos\logback\logback-core\1.5.37\logback-core-1.5.37.jar
  .m2.cache\org\slf4j\slf4j-api\2.0.18\slf4j-api-2.0.18.jar
  .m2.cache\org\jetbrains\annotations\23.0.0\annotations-23.0.0.jar
  .m2.cache\org\jetbrains\kotlinx\kotlinx-serialization-core-jvm\1.11.0\kotlinx-serialization-core-jvm-1.11.0.jar
  .m2.cache\com\typesafe\config\1.4.9\config-1.4.9.jar
  .m2.cache\org\jetbrains\kotlin\kotlin-reflect\2.3.21\kotlin-reflect-2.3.21.jar
  .m2.cache\io\netty\netty-codec\4.2.16.Final\netty-codec-4.2.16.Final.jar
  .m2.cache\io\netty\netty-codec-http2\4.2.16.Final\netty-codec-http2-4.2.16.Final.jar
  .m2.cache\org\eclipse\jetty\alpn\alpn-api\1.1.3.v20160715\alpn-api-1.1.3.v20160715.jar
  .m2.cache\io\netty\netty-transport-native-kqueue\4.2.16.Final\netty-transport-native-kqueue-4.2.16.Final.jar
  .m2.cache\io\netty\netty-transport-native-epoll\4.2.16.Final\netty-transport-native-epoll-4.2.16.Final.jar
  .m2.cache\org\jetbrains\kotlinx\kotlinx-coroutines-core-jvm\1.11.0\kotlinx-coroutines-core-jvm-1.11.0.jar
  .m2.cache\io\ktor\ktor-serialization-kotlinx-jvm\3.5.2\ktor-serialization-kotlinx-jvm-3.5.2.jar
  .m2.cache\org\jetbrains\kotlinx\kotlinx-serialization-json-jvm\1.11.0\kotlinx-serialization-json-jvm-1.11.0.jar
  .m2.cache\org\jetbrains\kotlinx\kotlinx-serialization-json-io-jvm\1.11.0\kotlinx-serialization-json-io-jvm-1.11.0.jar
  .m2.cache\io\ktor\ktor-utils-jvm\3.5.2\ktor-utils-jvm-3.5.2.jar
  .m2.cache\io\ktor\ktor-http-jvm\3.5.2\ktor-http-jvm-3.5.2.jar
  .m2.cache\io\ktor\ktor-serialization-jvm\3.5.2\ktor-serialization-jvm-3.5.2.jar
  .m2.cache\io\ktor\ktor-events-jvm\3.5.2\ktor-events-jvm-3.5.2.jar
  .m2.cache\io\ktor\ktor-http-cio-jvm\3.5.2\ktor-http-cio-jvm-3.5.2.jar
  .m2.cache\io\ktor\ktor-websockets-jvm\3.5.2\ktor-websockets-jvm-3.5.2.jar
  .m2.cache\io\netty\netty-common\4.2.16.Final\netty-common-4.2.16.Final.jar
  .m2.cache\io\netty\netty-buffer\4.2.16.Final\netty-buffer-4.2.16.Final.jar
  .m2.cache\io\netty\netty-transport\4.2.16.Final\netty-transport-4.2.16.Final.jar
  .m2.cache\io\netty\netty-codec-base\4.2.16.Final\netty-codec-base-4.2.16.Final.jar
  .m2.cache\io\netty\netty-codec-compression\4.2.16.Final\netty-codec-compression-4.2.16.Final.jar
  .m2.cache\io\netty\netty-codec-protobuf\4.2.16.Final\netty-codec-protobuf-4.2.16.Final.jar
  .m2.cache\io\netty\netty-codec-marshalling\4.2.16.Final\netty-codec-marshalling-4.2.16.Final.jar
  .m2.cache\io\netty\netty-handler\4.2.16.Final\netty-handler-4.2.16.Final.jar
  .m2.cache\io\netty\netty-codec-http\4.2.16.Final\netty-codec-http-4.2.16.Final.jar
  .m2.cache\io\netty\netty-transport-native-unix-common\4.2.16.Final\netty-transport-native-unix-common-4.2.16.Final.jar
  .m2.cache\io\netty\netty-transport-classes-kqueue\4.2.16.Final\netty-transport-classes-kqueue-4.2.16.Final.jar
  .m2.cache\io\netty\netty-transport-classes-epoll\4.2.16.Final\netty-transport-classes-epoll-4.2.16.Final.jar
  .m2.cache\io\ktor\ktor-resources-jvm\3.5.2\ktor-resources-jvm-3.5.2.jar
  .m2.cache\io\netty\netty-resolver\4.2.16.Final\netty-resolver-4.2.16.Final.jar
  .m2.cache\com\google\protobuf\protobuf-java\3.25.9\protobuf-java-3.25.9.jar
  .m2.cache\com\google\protobuf\nano\protobuf-javanano\3.0.0-alpha-7\protobuf-javanano-3.0.0-alpha-7.jar
  .m2.cache\org\jboss\marshalling\jboss-marshalling\2.3.0\jboss-marshalling-2.3.0.jar
  .m2.cache\io\ktor\ktor-io-jvm\3.5.2\ktor-io-jvm-3.5.2.jar
  .m2.cache\io\ktor\ktor-network-jvm\3.5.2\ktor-network-jvm-3.5.2.jar
  .m2.cache\org\jetbrains\kotlinx\kotlinx-io-core-jvm\0.9.1\kotlinx-io-core-jvm-0.9.1.jar
  .m2.cache\org\jetbrains\kotlinx\kotlinx-io-bytestring-jvm\0.9.1\kotlinx-io-bytestring-jvm-0.9.1.jar
00:04.967 DEBUG :ktor-sample (1):resolveDependenciesJvmTest ResolveExternalDependenciesTask$Companion resolve dependencies ktor-sample (1) -- test -- ch.qos.logback:logback-classic:1.5.37 io.ktor:ktor-bom:3.5.2 io.ktor:ktor-serialization-kotlinx-json:3.5.2 io.ktor:ktor-server-content-negotiation:3.5.2 io.ktor:ktor-server-core:3.5.2 io.ktor:ktor-server-cors:3.5.2 io.ktor:ktor-server-netty:3.5.2 io.ktor:ktor-server-resources:3.5.2 io.ktor:ktor-server-test-host:3.5.2 org.jetbrains.kotlin:kotlin-stdlib:2.4.10 org.jetbrains.kotlin:kotlin-test-junit5:2.4.10 org.jetbrains.kotlinx:kotlinx-serialization-core:1.11.0 -- resolvePlatform=JVM nativeTarget=null
wasmTarget=null
https://repo1.maven.org/maven2 https://maven.google.com resolved to:
  .m2.cache\ch\qos\logback\logback-classic\1.5.37\logback-classic-1.5.37.jar
  .m2.cache\org\jetbrains\kotlin\kotlin-stdlib\2.4.10\kotlin-stdlib-2.4.10.jar
  .m2.cache\org\jetbrains\kotlin\kotlin-test-junit5\2.4.10\kotlin-test-junit5-2.4.10.jar
  .m2.cache\io\ktor\ktor-serialization-kotlinx-json-jvm\3.5.2\ktor-serialization-kotlinx-json-jvm-3.5.2.jar
  .m2.cache\io\ktor\ktor-server-content-negotiation-jvm\3.5.2\ktor-server-content-negotiation-jvm-3.5.2.jar
  .m2.cache\io\ktor\ktor-server-core-jvm\3.5.2\ktor-server-core-jvm-3.5.2.jar
  .m2.cache\io\ktor\ktor-server-cors-jvm\3.5.2\ktor-server-cors-jvm-3.5.2.jar
  .m2.cache\io\ktor\ktor-server-netty-jvm\3.5.2\ktor-server-netty-jvm-3.5.2.jar
  .m2.cache\io\ktor\ktor-server-resources-jvm\3.5.2\ktor-server-resources-jvm-3.5.2.jar
  .m2.cache\ch\qos\logback\logback-core\1.5.37\logback-core-1.5.37.jar
  .m2.cache\org\slf4j\slf4j-api\2.0.18\slf4j-api-2.0.18.jar
  .m2.cache\io\ktor\ktor-server-test-host-jvm\3.5.2\ktor-server-test-host-jvm-3.5.2.jar
  .m2.cache\org\jetbrains\annotations\23.0.0\annotations-23.0.0.jar
  .m2.cache\org\jetbrains\kotlin\kotlin-test\2.4.10\kotlin-test-2.4.10.jar
  .m2.cache\org\junit\jupiter\junit-jupiter-api\5.10.1\junit-jupiter-api-5.10.1.jar
  .m2.cache\org\jetbrains\kotlinx\kotlinx-serialization-core-jvm\1.11.0\kotlinx-serialization-core-jvm-1.11.0.jar
  .m2.cache\com\typesafe\config\1.4.9\config-1.4.9.jar
  .m2.cache\org\jetbrains\kotlin\kotlin-reflect\2.3.21\kotlin-reflect-2.3.21.jar
  .m2.cache\io\netty\netty-codec\4.2.16.Final\netty-codec-4.2.16.Final.jar
  .m2.cache\io\netty\netty-codec-http2\4.2.16.Final\netty-codec-http2-4.2.16.Final.jar
  .m2.cache\org\eclipse\jetty\alpn\alpn-api\1.1.3.v20160715\alpn-api-1.1.3.v20160715.jar
  .m2.cache\io\netty\netty-transport-native-kqueue\4.2.16.Final\netty-transport-native-kqueue-4.2.16.Final.jar
  .m2.cache\io\netty\netty-transport-native-epoll\4.2.16.Final\netty-transport-native-epoll-4.2.16.Final.jar
  .m2.cache\org\opentest4j\opentest4j\1.3.0\opentest4j-1.3.0.jar
  .m2.cache\org\junit\platform\junit-platform-commons\1.10.1\junit-platform-commons-1.10.1.jar
  .m2.cache\org\apiguardian\apiguardian-api\1.1.2\apiguardian-api-1.1.2.jar
  .m2.cache\org\jetbrains\kotlinx\kotlinx-coroutines-core-jvm\1.11.0\kotlinx-coroutines-core-jvm-1.11.0.jar
  .m2.cache\io\ktor\ktor-serialization-kotlinx-jvm\3.5.2\ktor-serialization-kotlinx-jvm-3.5.2.jar
  .m2.cache\org\jetbrains\kotlinx\kotlinx-serialization-json-jvm\1.11.0\kotlinx-serialization-json-jvm-1.11.0.jar
  .m2.cache\org\jetbrains\kotlinx\kotlinx-serialization-json-io-jvm\1.11.0\kotlinx-serialization-json-io-jvm-1.11.0.jar
  .m2.cache\io\ktor\ktor-utils-jvm\3.5.2\ktor-utils-jvm-3.5.2.jar
  .m2.cache\io\ktor\ktor-http-jvm\3.5.2\ktor-http-jvm-3.5.2.jar
  .m2.cache\io\ktor\ktor-serialization-jvm\3.5.2\ktor-serialization-jvm-3.5.2.jar
  .m2.cache\io\ktor\ktor-events-jvm\3.5.2\ktor-events-jvm-3.5.2.jar
  .m2.cache\io\ktor\ktor-http-cio-jvm\3.5.2\ktor-http-cio-jvm-3.5.2.jar
  .m2.cache\io\ktor\ktor-websockets-jvm\3.5.2\ktor-websockets-jvm-3.5.2.jar
  .m2.cache\io\netty\netty-common\4.2.16.Final\netty-common-4.2.16.Final.jar
  .m2.cache\io\netty\netty-buffer\4.2.16.Final\netty-buffer-4.2.16.Final.jar
  .m2.cache\io\netty\netty-transport\4.2.16.Final\netty-transport-4.2.16.Final.jar
  .m2.cache\io\netty\netty-codec-base\4.2.16.Final\netty-codec-base-4.2.16.Final.jar
  .m2.cache\io\netty\netty-codec-compression\4.2.16.Final\netty-codec-compression-4.2.16.Final.jar
  .m2.cache\io\netty\netty-codec-protobuf\4.2.16.Final\netty-codec-protobuf-4.2.16.Final.jar
  .m2.cache\io\netty\netty-codec-marshalling\4.2.16.Final\netty-codec-marshalling-4.2.16.Final.jar
  .m2.cache\io\netty\netty-handler\4.2.16.Final\netty-handler-4.2.16.Final.jar
  .m2.cache\io\netty\netty-codec-http\4.2.16.Final\netty-codec-http-4.2.16.Final.jar
  .m2.cache\io\netty\netty-transport-native-unix-common\4.2.16.Final\netty-transport-native-unix-common-4.2.16.Final.jar
  .m2.cache\io\netty\netty-transport-classes-kqueue\4.2.16.Final\netty-transport-classes-kqueue-4.2.16.Final.jar
  .m2.cache\io\netty\netty-transport-classes-epoll\4.2.16.Final\netty-transport-classes-epoll-4.2.16.Final.jar
  .m2.cache\io\ktor\ktor-resources-jvm\3.5.2\ktor-resources-jvm-3.5.2.jar
  .m2.cache\io\ktor\ktor-network-tls-jvm\3.5.2\ktor-network-tls-jvm-3.5.2.jar
  .m2.cache\io\ktor\ktor-client-apache5-jvm\3.5.2\ktor-client-apache5-jvm-3.5.2.jar
  .m2.cache\io\ktor\ktor-network-tls-certificates-jvm\3.5.2\ktor-network-tls-certificates-jvm-3.5.2.jar
  .m2.cache\io\ktor\ktor-server-call-logging-jvm\3.5.2\ktor-server-call-logging-jvm-3.5.2.jar
  .m2.cache\io\ktor\ktor-server-websockets-jvm\3.5.2\ktor-server-websockets-jvm-3.5.2.jar
  .m2.cache\io\ktor\ktor-client-cio-jvm\3.5.2\ktor-client-cio-jvm-3.5.2.jar
  .m2.cache\io\ktor\ktor-client-core-jvm\3.5.2\ktor-client-core-jvm-3.5.2.jar
  .m2.cache\io\ktor\ktor-test-dispatcher-jvm\3.5.2\ktor-test-dispatcher-jvm-3.5.2.jar
  .m2.cache\io\netty\netty-resolver\4.2.16.Final\netty-resolver-4.2.16.Final.jar
  .m2.cache\com\google\protobuf\protobuf-java\3.25.9\protobuf-java-3.25.9.jar
  .m2.cache\com\google\protobuf\nano\protobuf-javanano\3.0.0-alpha-7\protobuf-javanano-3.0.0-alpha-7.jar
  .m2.cache\org\jboss\marshalling\jboss-marshalling\2.3.0\jboss-marshalling-2.3.0.jar
  .m2.cache\org\apache\httpcomponents\client5\httpclient5\5.5.1\httpclient5-5.5.1.jar
  .m2.cache\io\ktor\ktor-io-jvm\3.5.2\ktor-io-jvm-3.5.2.jar
  .m2.cache\io\ktor\ktor-network-jvm\3.5.2\ktor-network-jvm-3.5.2.jar
  .m2.cache\org\apache\httpcomponents\core5\httpcore5\5.3.6\httpcore5-5.3.6.jar
  .m2.cache\org\apache\httpcomponents\core5\httpcore5-h2\5.3.6\httpcore5-h2-5.3.6.jar
  .m2.cache\io\ktor\ktor-websocket-serialization-jvm\3.5.2\ktor-websocket-serialization-jvm-3.5.2.jar
  .m2.cache\io\ktor\ktor-sse-jvm\3.5.2\ktor-sse-jvm-3.5.2.jar
  .m2.cache\org\jetbrains\kotlinx\kotlinx-coroutines-test-jvm\1.11.0\kotlinx-coroutines-test-jvm-1.11.0.jar
  .m2.cache\org\jetbrains\kotlinx\kotlinx-io-core-jvm\0.9.1\kotlinx-io-core-jvm-0.9.1.jar
  .m2.cache\org\jetbrains\kotlinx\kotlinx-io-bytestring-jvm\0.9.1\kotlinx-io-bytestring-jvm-0.9.1.jar
00:04.974 DEBUG :ktor-sample (1):compileJvm JvmCompileTask            compile ktor-sample (1) -- main
00:05.054 DEBUG :ktor-sample (1):compileJvm JdkProvider               `JAVA_HOME` was found but doesn't match the JDK selection criteria: major version mismatch: expected 25 but got 21. The Kotlin Toolchain will provision a suitable JDK instead.
00:05.214 DEBUG :ktor-sample (1):compileJvm IncrementalCache          [inc] 'jdk-provisioning_{"majorVersion":25}' is up-to-date according to state file at 'C:\Users\celin\Downloads\ktor-sample (1)\build\incremental.state\jdk-provisioning___majorVersion__25_-a1d432fb5a'
00:05.256 DEBUG :ktor-sample (1):compileJvm IncrementalCache          [inc] ':ktor-sample (1):compileJvm' is up-to-date according to state file at 'C:\Users\celin\Downloads\ktor-sample (1)\build\incremental.state\_ktor-sample__1__compileJvm-e3d95b88f8'
00:05.265 DEBUG :ktor-sample (1):compileJvmTest JvmCompileTask            compile ktor-sample (1) -- test
00:05.267 DEBUG :ktor-sample (1):compileJvmTest JdkProvider               `JAVA_HOME` was found but doesn't match the JDK selection criteria: major version mismatch: expected 25 but got 21. The Kotlin Toolchain will provision a suitable JDK instead.
00:05.287 DEBUG :ktor-sample (1):compileJvmTest IncrementalCache          [inc] ':ktor-sample (1):compileJvmTest' is up-to-date according to state file at 'C:\Users\celin\Downloads\ktor-sample (1)\build\incremental.state\_ktor-sample__1__compileJvmTest-b7badf9279'
00:05.296 DEBUG :ktor-sample (1):jarJvm   IncrementalCache          [inc] ':ktor-sample (1):jarJvm' is up-to-date according to state file at 'C:\Users\celin\Downloads\ktor-sample (1)\build\incremental.state\_ktor-sample__1__jarJvm-96a599ee88'
